
> ziabary-platform@0.1.0 build
> npm run prepare:content && vite build && node scripts/generate-sitemap.mjs && npm run verify:sitemap && node scripts/verify-structured-data.mjs


> ziabary-platform@0.1.0 prepare:content
> npm run prepare:assets && node scripts/generate-search-index.mjs


> ziabary-platform@0.1.0 prepare:assets
> node scripts/prepare-assets.mjs

Prepared 347 raster originals; 11 PDF sizes. Originals retained.
WebSocket server error:
Error: listen EPERM: operation not permitted 0.0.0.0:24678
    at Server.setupListenHandle [as _listen2] (node:net:1886:21)
    at listenInCluster (node:net:1965:12)
    at Server.listen (node:net:2067:7)
    at Object.listen (file:///home/user/Projects/ziabary-platform-sveltekit/node_modules/vite/dist/node/chunks/config.js:20584:18)
    at Object.listen (file:///home/user/Projects/ziabary-platform-sveltekit/node_modules/vite/dist/node/chunks/config.js:25990:27)
    at DevEnvironment.listen (file:///home/user/Projects/ziabary-platform-sveltekit/node_modules/vite/dist/node/chunks/config.js:34907:12)
    at file:///home/user/Projects/ziabary-platform-sveltekit/node_modules/vite/dist/node/chunks/config.js:25713:101
    at Array.map (<anonymous>)
    at file:///home/user/Projects/ziabary-platform-sveltekit/node_modules/vite/dist/node/chunks/config.js:25713:84
    at async _createServer (file:///home/user/Projects/ziabary-platform-sveltekit/node_modules/vite/dist/node/chunks/config.js:25730:9)
Search fa: 68 published entries.
Search en: 34 published entries.
Search es: 26 published entries.
vite v7.3.6 building ssr environment for production...
transforming...
✓ 394 modules transformed.
rendering chunks...
[plugin vite:reporter] 
(!) /home/user/Projects/ziabary-platform-sveltekit/src/lib/content/articles/accessing-legacy-numenta-content.md is dynamically imported by /home/user/Projects/ziabary-platform-sveltekit/src/lib/content.ts but also statically imported by /home/user/Projects/ziabary-platform-sveltekit/src/lib/content.ts, dynamic import will not move module into another chunk.

[plugin vite:reporter] 
(!) /home/user/Projects/ziabary-platform-sveltekit/src/lib/content/articles/ai-cosmetic-surgery-or-chemotherapy.md is dynamically imported by /home/user/Projects/ziabary-platform-sveltekit/src/lib/content.ts but also statically imported by /home/user/Projects/ziabary-platform-sveltekit/src/lib/content.ts, dynamic import will not move module into another chunk.

[plugin vite:reporter] 
(!) /home/user/Projects/ziabary-platform-sveltekit/src/lib/content/articles/ai-data-confidentiality-safe-processing.md is dynamically imported by /home/user/Projects/ziabary-platform-sveltekit/src/lib/content.ts but also statically imported by /home/user/Projects/ziabary-platform-sveltekit/src/lib/content.ts, dynamic import will not move module into another chunk.

[plugin vite:reporter] 
(!) /home/user/Projects/ziabary-platform-sveltekit/src/lib/content/articles/ai-from-gitex-to-parliament.md is dynamically imported by /home/user/Projects/ziabary-platform-sveltekit/src/lib/content.ts but also statically imported by /home/user/Projects/ziabary-platform-sveltekit/src/lib/content.ts, dynamic import will not move module into another chunk.

[plugin vite:reporter] 
(!) /home/user/Projects/ziabary-platform-sveltekit/src/lib/content/articles/ai-infrastructure-security-starts-with-kernel-and-gpu.md is dynamically imported by /home/user/Projects/ziabary-platform-sveltekit/src/lib/content.ts but also statically imported by /home/user/Projects/ziabary-platform-sveltekit/src/lib/content.ts, dynamic import will not move module into another chunk.

[plugin vite:reporter] 
(!) /home/user/Projects/ziabary-platform-sveltekit/src/lib/content/articles/ai-operator-model-private-sector.md is dynamically imported by /home/user/Projects/ziabary-platform-sveltekit/src/lib/content.ts but also statically imported by /home/user/Projects/ziabary-platform-sveltekit/src/lib/content.ts, dynamic import will not move module into another chunk.

[plugin vite:reporter] 
(!) /home/user/Projects/ziabary-platform-sveltekit/src/lib/content/articles/air-gap-moves-trust-boundary.md is dynamically imported by /home/user/Projects/ziabary-platform-sveltekit/src/lib/content.ts but also statically imported by /home/user/Projects/ziabary-platform-sveltekit/src/lib/content.ts, dynamic import will not move module into another chunk.

[plugin vite:reporter] 
(!) /home/user/Projects/ziabary-platform-sveltekit/src/lib/content/articles/apache-mod-jk-log-lock.md is dynamically imported by /home/user/Projects/ziabary-platform-sveltekit/src/lib/content.ts but also statically imported by /home/user/Projects/ziabary-platform-sveltekit/src/lib/content.ts, dynamic import will not move module into another chunk.

[plugin vite:reporter] 
(!) /home/user/Projects/ziabary-platform-sveltekit/src/lib/content/articles/architecture-is-governance.md is dynamically imported by /home/user/Projects/ziabary-platform-sveltekit/src/lib/content.ts but also statically imported by /home/user/Projects/ziabary-platform-sveltekit/src/lib/content.ts, dynamic import will not move module into another chunk.

[plugin vite:reporter] 
(!) /home/user/Projects/ziabary-platform-sveltekit/src/lib/content/articles/ayar-hoomas.md is dynamically imported by /home/user/Projects/ziabary-platform-sveltekit/src/lib/content.ts but also statically imported by /home/user/Projects/ziabary-platform-sveltekit/src/lib/content.ts, dynamic import will not move module into another chunk.

[plugin vite:reporter] 
(!) /home/user/Projects/ziabary-platform-sveltekit/src/lib/content/articles/building-targoman-without-patronage.md is dynamically imported by /home/user/Projects/ziabary-platform-sveltekit/src/lib/content.ts but also statically imported by /home/user/Projects/ziabary-platform-sveltekit/src/lib/content.ts, dynamic import will not move module into another chunk.

[plugin vite:reporter] 
(!) /home/user/Projects/ziabary-platform-sveltekit/src/lib/content/articles/china-travelogue-part-1.md is dynamically imported by /home/user/Projects/ziabary-platform-sveltekit/src/lib/content.ts but also statically imported by /home/user/Projects/ziabary-platform-sveltekit/src/lib/content.ts, dynamic import will not move module into another chunk.

[plugin vite:reporter] 
(!) /home/user/Projects/ziabary-platform-sveltekit/src/lib/content/articles/china-travelogue-part-2.md is dynamically imported by /home/user/Projects/ziabary-platform-sveltekit/src/lib/content.ts but also statically imported by /home/user/Projects/ziabary-platform-sveltekit/src/lib/content.ts, dynamic import will not move module into another chunk.

[plugin vite:reporter] 
(!) /home/user/Projects/ziabary-platform-sveltekit/src/lib/content/articles/choosing-gpu-for-ai-en.md is dynamically imported by /home/user/Projects/ziabary-platform-sveltekit/src/lib/content.ts but also statically imported by /home/user/Projects/ziabary-platform-sveltekit/src/lib/content.ts, dynamic import will not move module into another chunk.

[plugin vite:reporter] 
(!) /home/user/Projects/ziabary-platform-sveltekit/src/lib/content/articles/choosing-gpu-for-ai-es.md is dynamically imported by /home/user/Projects/ziabary-platform-sveltekit/src/lib/content.ts but also statically imported by /home/user/Projects/ziabary-platform-sveltekit/src/lib/content.ts, dynamic import will not move module into another chunk.

[plugin vite:reporter] 
(!) /home/user/Projects/ziabary-platform-sveltekit/src/lib/content/articles/choosing-gpu-for-ai.md is dynamically imported by /home/user/Projects/ziabary-platform-sveltekit/src/lib/content.ts but also statically imported by /home/user/Projects/ziabary-platform-sveltekit/src/lib/content.ts, dynamic import will not move module into another chunk.

[plugin vite:reporter] 
(!) /home/user/Projects/ziabary-platform-sveltekit/src/lib/content/articles/configuration-drift-attestation-and-rollback.md is dynamically imported by /home/user/Projects/ziabary-platform-sveltekit/src/lib/content.ts but also statically imported by /home/user/Projects/ziabary-platform-sveltekit/src/lib/content.ts, dynamic import will not move module into another chunk.

[plugin vite:reporter] 
(!) /home/user/Projects/ziabary-platform-sveltekit/src/lib/content/articles/construir-targoman-sin-padrinos.md is dynamically imported by /home/user/Projects/ziabary-platform-sveltekit/src/lib/content.ts but also statically imported by /home/user/Projects/ziabary-platform-sveltekit/src/lib/content.ts, dynamic import will not move module into another chunk.

[plugin vite:reporter] 
(!) /home/user/Projects/ziabary-platform-sveltekit/src/lib/content/articles/containers-are-not-security-boundaries.md is dynamically imported by /home/user/Projects/ziabary-platform-sveltekit/src/lib/content.ts but also statically imported by /home/user/Projects/ziabary-platform-sveltekit/src/lib/content.ts, dynamic import will not move module into another chunk.

[plugin vite:reporter] 
(!) /home/user/Projects/ziabary-platform-sveltekit/src/lib/content/articles/crypto-shared-portfolio-profit.md is dynamically imported by /home/user/Projects/ziabary-platform-sveltekit/src/lib/content.ts but also statically imported by /home/user/Projects/ziabary-platform-sveltekit/src/lib/content.ts, dynamic import will not move module into another chunk.

[plugin vite:reporter] 
(!) /home/user/Projects/ziabary-platform-sveltekit/src/lib/content/articles/cuando-un-otp-por-sms-reduce-la-seguridad.md is dynamically imported by /home/user/Projects/ziabary-platform-sveltekit/src/lib/content.ts but also statically imported by /home/user/Projects/ziabary-platform-sveltekit/src/lib/content.ts, dynamic import will not move module into another chunk.

[plugin vite:reporter] 
(!) /home/user/Projects/ziabary-platform-sveltekit/src/lib/content/articles/data-ecosystem-regulation-players.md is dynamically imported by /home/user/Projects/ziabary-platform-sveltekit/src/lib/content.ts but also statically imported by /home/user/Projects/ziabary-platform-sveltekit/src/lib/content.ts, dynamic import will not move module into another chunk.

[plugin vite:reporter] 
(!) /home/user/Projects/ziabary-platform-sveltekit/src/lib/content/articles/data-regulation-balance.md is dynamically imported by /home/user/Projects/ziabary-platform-sveltekit/src/lib/content.ts but also statically imported by /home/user/Projects/ziabary-platform-sveltekit/src/lib/content.ts, dynamic import will not move module into another chunk.

[plugin vite:reporter] 
(!) /home/user/Projects/ziabary-platform-sveltekit/src/lib/content/articles/data-regulation-intergroup-conflicts.md is dynamically imported by /home/user/Projects/ziabary-platform-sveltekit/src/lib/content.ts but also statically imported by /home/user/Projects/ziabary-platform-sveltekit/src/lib/content.ts, dynamic import will not move module into another chunk.

[plugin vite:reporter] 
(!) /home/user/Projects/ziabary-platform-sveltekit/src/lib/content/articles/data-regulation-intragroup-conflicts.md is dynamically imported by /home/user/Projects/ziabary-platform-sveltekit/src/lib/content.ts but also statically imported by /home/user/Projects/ziabary-platform-sveltekit/src/lib/content.ts, dynamic import will not move module into another chunk.

[plugin vite:reporter] 
(!) /home/user/Projects/ziabary-platform-sveltekit/src/lib/content/articles/dgx-and-standard-gpu-servers-en.md is dynamically imported by /home/user/Projects/ziabary-platform-sveltekit/src/lib/content.ts but also statically imported by /home/user/Projects/ziabary-platform-sveltekit/src/lib/content.ts, dynamic import will not move module into another chunk.

[plugin vite:reporter] 
(!) /home/user/Projects/ziabary-platform-sveltekit/src/lib/content/articles/dgx-and-standard-gpu-servers-es.md is dynamically imported by /home/user/Projects/ziabary-platform-sveltekit/src/lib/content.ts but also statically imported by /home/user/Projects/ziabary-platform-sveltekit/src/lib/content.ts, dynamic import will not move module into another chunk.

[plugin vite:reporter] 
(!) /home/user/Projects/ziabary-platform-sveltekit/src/lib/content/articles/dgx-and-standard-gpu-servers.md is dynamically imported by /home/user/Projects/ziabary-platform-sveltekit/src/lib/content.ts but also statically imported by /home/user/Projects/ziabary-platform-sveltekit/src/lib/content.ts, dynamic import will not move module into another chunk.

[plugin vite:reporter] 
(!) /home/user/Projects/ziabary-platform-sveltekit/src/lib/content/articles/dynamic-password-fraud.md is dynamically imported by /home/user/Projects/ziabary-platform-sveltekit/src/lib/content.ts but also statically imported by /home/user/Projects/ziabary-platform-sveltekit/src/lib/content.ts, dynamic import will not move module into another chunk.

[plugin vite:reporter] 
(!) /home/user/Projects/ziabary-platform-sveltekit/src/lib/content/articles/elecomp-29-from-technology-to-synergy.md is dynamically imported by /home/user/Projects/ziabary-platform-sveltekit/src/lib/content.ts but also statically imported by /home/user/Projects/ziabary-platform-sveltekit/src/lib/content.ts, dynamic import will not move module into another chunk.

[plugin vite:reporter] 
(!) /home/user/Projects/ziabary-platform-sveltekit/src/lib/content/articles/from-stig-cis-to-rbac.md is dynamically imported by /home/user/Projects/ziabary-platform-sveltekit/src/lib/content.ts but also statically imported by /home/user/Projects/ziabary-platform-sveltekit/src/lib/content.ts, dynamic import will not move module into another chunk.

[plugin vite:reporter] 
(!) /home/user/Projects/ziabary-platform-sveltekit/src/lib/content/articles/from-zero-trust-to-zero-trust-ai-en.md is dynamically imported by /home/user/Projects/ziabary-platform-sveltekit/src/lib/content.ts but also statically imported by /home/user/Projects/ziabary-platform-sveltekit/src/lib/content.ts, dynamic import will not move module into another chunk.

[plugin vite:reporter] 
(!) /home/user/Projects/ziabary-platform-sveltekit/src/lib/content/articles/from-zero-trust-to-zero-trust-ai-es.md is dynamically imported by /home/user/Projects/ziabary-platform-sveltekit/src/lib/content.ts but also statically imported by /home/user/Projects/ziabary-platform-sveltekit/src/lib/content.ts, dynamic import will not move module into another chunk.

[plugin vite:reporter] 
(!) /home/user/Projects/ziabary-platform-sveltekit/src/lib/content/articles/from-zero-trust-to-zero-trust-ai.md is dynamically imported by /home/user/Projects/ziabary-platform-sveltekit/src/lib/content.ts but also statically imported by /home/user/Projects/ziabary-platform-sveltekit/src/lib/content.ts, dynamic import will not move module into another chunk.

[plugin vite:reporter] 
(!) /home/user/Projects/ziabary-platform-sveltekit/src/lib/content/articles/gitex-2025-report.md is dynamically imported by /home/user/Projects/ziabary-platform-sveltekit/src/lib/content.ts but also statically imported by /home/user/Projects/ziabary-platform-sveltekit/src/lib/content.ts, dynamic import will not move module into another chunk.

[plugin vite:reporter] 
(!) /home/user/Projects/ziabary-platform-sveltekit/src/lib/content/articles/global-data-regulation-experiences.md is dynamically imported by /home/user/Projects/ziabary-platform-sveltekit/src/lib/content.ts but also statically imported by /home/user/Projects/ziabary-platform-sveltekit/src/lib/content.ts, dynamic import will not move module into another chunk.

[plugin vite:reporter] 
(!) /home/user/Projects/ziabary-platform-sveltekit/src/lib/content/articles/google-used-targoman.md is dynamically imported by /home/user/Projects/ziabary-platform-sveltekit/src/lib/content.ts but also statically imported by /home/user/Projects/ziabary-platform-sveltekit/src/lib/content.ts, dynamic import will not move module into another chunk.

[plugin vite:reporter] 
(!) /home/user/Projects/ziabary-platform-sveltekit/src/lib/content/articles/gpu-server-platform-components-en.md is dynamically imported by /home/user/Projects/ziabary-platform-sveltekit/src/lib/content.ts but also statically imported by /home/user/Projects/ziabary-platform-sveltekit/src/lib/content.ts, dynamic import will not move module into another chunk.

[plugin vite:reporter] 
(!) /home/user/Projects/ziabary-platform-sveltekit/src/lib/content/articles/gpu-server-platform-components-es.md is dynamically imported by /home/user/Projects/ziabary-platform-sveltekit/src/lib/content.ts but also statically imported by /home/user/Projects/ziabary-platform-sveltekit/src/lib/content.ts, dynamic import will not move module into another chunk.

[plugin vite:reporter] 
(!) /home/user/Projects/ziabary-platform-sveltekit/src/lib/content/articles/gpu-server-platform-components.md is dynamically imported by /home/user/Projects/ziabary-platform-sveltekit/src/lib/content.ts but also statically imported by /home/user/Projects/ziabary-platform-sveltekit/src/lib/content.ts, dynamic import will not move module into another chunk.

[plugin vite:reporter] 
(!) /home/user/Projects/ziabary-platform-sveltekit/src/lib/content/articles/gpu-types-for-ai-en.md is dynamically imported by /home/user/Projects/ziabary-platform-sveltekit/src/lib/content.ts but also statically imported by /home/user/Projects/ziabary-platform-sveltekit/src/lib/content.ts, dynamic import will not move module into another chunk.

[plugin vite:reporter] 
(!) /home/user/Projects/ziabary-platform-sveltekit/src/lib/content/articles/gpu-types-for-ai-es.md is dynamically imported by /home/user/Projects/ziabary-platform-sveltekit/src/lib/content.ts but also statically imported by /home/user/Projects/ziabary-platform-sveltekit/src/lib/content.ts, dynamic import will not move module into another chunk.

[plugin vite:reporter] 
(!) /home/user/Projects/ziabary-platform-sveltekit/src/lib/content/articles/gpu-types-for-ai.md is dynamically imported by /home/user/Projects/ziabary-platform-sveltekit/src/lib/content.ts but also statically imported by /home/user/Projects/ziabary-platform-sveltekit/src/lib/content.ts, dynamic import will not move module into another chunk.

[plugin vite:reporter] 
(!) /home/user/Projects/ziabary-platform-sveltekit/src/lib/content/articles/htm-papers-and-books.md is dynamically imported by /home/user/Projects/ziabary-platform-sveltekit/src/lib/content.ts but also statically imported by /home/user/Projects/ziabary-platform-sveltekit/src/lib/content.ts, dynamic import will not move module into another chunk.

[plugin vite:reporter] 
(!) /home/user/Projects/ziabary-platform-sveltekit/src/lib/content/articles/install-dgtechnics-smart-hdtv-linux.md is dynamically imported by /home/user/Projects/ziabary-platform-sveltekit/src/lib/content.ts but also statically imported by /home/user/Projects/ziabary-platform-sveltekit/src/lib/content.ts, dynamic import will not move module into another chunk.

[plugin vite:reporter] 
(!) /home/user/Projects/ziabary-platform-sveltekit/src/lib/content/articles/install-nupic-opensuse.md is dynamically imported by /home/user/Projects/ziabary-platform-sveltekit/src/lib/content.ts but also statically imported by /home/user/Projects/ziabary-platform-sveltekit/src/lib/content.ts, dynamic import will not move module into another chunk.

[plugin vite:reporter] 
(!) /home/user/Projects/ziabary-platform-sveltekit/src/lib/content/articles/install-tbs6980-tbs6981-linux.md is dynamically imported by /home/user/Projects/ziabary-platform-sveltekit/src/lib/content.ts but also statically imported by /home/user/Projects/ziabary-platform-sveltekit/src/lib/content.ts, dynamic import will not move module into another chunk.

[plugin vite:reporter] 
(!) /home/user/Projects/ziabary-platform-sveltekit/src/lib/content/articles/int8-or-fp8-real-gpu-support-en.md is dynamically imported by /home/user/Projects/ziabary-platform-sveltekit/src/lib/content.ts but also statically imported by /home/user/Projects/ziabary-platform-sveltekit/src/lib/content.ts, dynamic import will not move module into another chunk.

[plugin vite:reporter] 
(!) /home/user/Projects/ziabary-platform-sveltekit/src/lib/content/articles/int8-or-fp8-real-gpu-support-es.md is dynamically imported by /home/user/Projects/ziabary-platform-sveltekit/src/lib/content.ts but also statically imported by /home/user/Projects/ziabary-platform-sveltekit/src/lib/content.ts, dynamic import will not move module into another chunk.

[plugin vite:reporter] 
(!) /home/user/Projects/ziabary-platform-sveltekit/src/lib/content/articles/int8-or-fp8-real-gpu-support.md is dynamically imported by /home/user/Projects/ziabary-platform-sveltekit/src/lib/content.ts but also statically imported by /home/user/Projects/ziabary-platform-sveltekit/src/lib/content.ts, dynamic import will not move module into another chunk.

[plugin vite:reporter] 
(!) /home/user/Projects/ziabary-platform-sveltekit/src/lib/content/articles/investment-in-ai.md is dynamically imported by /home/user/Projects/ziabary-platform-sveltekit/src/lib/content.ts but also statically imported by /home/user/Projects/ziabary-platform-sveltekit/src/lib/content.ts, dynamic import will not move module into another chunk.

[plugin vite:reporter] 
(!) /home/user/Projects/ziabary-platform-sveltekit/src/lib/content/articles/iran-ai-ranking-analysis.md is dynamically imported by /home/user/Projects/ziabary-platform-sveltekit/src/lib/content.ts but also statically imported by /home/user/Projects/ziabary-platform-sveltekit/src/lib/content.ts, dynamic import will not move module into another chunk.

[plugin vite:reporter] 
(!) /home/user/Projects/ziabary-platform-sveltekit/src/lib/content/articles/iran-ai-top-ten-roadmap.md is dynamically imported by /home/user/Projects/ziabary-platform-sveltekit/src/lib/content.ts but also statically imported by /home/user/Projects/ziabary-platform-sveltekit/src/lib/content.ts, dynamic import will not move module into another chunk.

[plugin vite:reporter] 
(!) /home/user/Projects/ziabary-platform-sveltekit/src/lib/content/articles/iran-israel-war-ai.md is dynamically imported by /home/user/Projects/ziabary-platform-sveltekit/src/lib/content.ts but also statically imported by /home/user/Projects/ziabary-platform-sveltekit/src/lib/content.ts, dynamic import will not move module into another chunk.

[plugin vite:reporter] 
(!) /home/user/Projects/ziabary-platform-sveltekit/src/lib/content/articles/iran-third-generation-warfare.md is dynamically imported by /home/user/Projects/ziabary-platform-sveltekit/src/lib/content.ts but also statically imported by /home/user/Projects/ziabary-platform-sveltekit/src/lib/content.ts, dynamic import will not move module into another chunk.

[plugin vite:reporter] 
(!) /home/user/Projects/ziabary-platform-sveltekit/src/lib/content/articles/language-identification-reading-list.md is dynamically imported by /home/user/Projects/ziabary-platform-sveltekit/src/lib/content.ts but also statically imported by /home/user/Projects/ziabary-platform-sveltekit/src/lib/content.ts, dynamic import will not move module into another chunk.

[plugin vite:reporter] 
(!) /home/user/Projects/ziabary-platform-sveltekit/src/lib/content/articles/legacy-migration-does-not-remove-risk.md is dynamically imported by /home/user/Projects/ziabary-platform-sveltekit/src/lib/content.ts but also statically imported by /home/user/Projects/ziabary-platform-sveltekit/src/lib/content.ts, dynamic import will not move module into another chunk.

[plugin vite:reporter] 
(!) /home/user/Projects/ziabary-platform-sveltekit/src/lib/content/articles/linux-distribution-as-security-governance.md is dynamically imported by /home/user/Projects/ziabary-platform-sveltekit/src/lib/content.ts but also statically imported by /home/user/Projects/ziabary-platform-sveltekit/src/lib/content.ts, dynamic import will not move module into another chunk.

[plugin vite:reporter] 
(!) /home/user/Projects/ziabary-platform-sveltekit/src/lib/content/articles/longest-bachelors-degree.md is dynamically imported by /home/user/Projects/ziabary-platform-sveltekit/src/lib/content.ts but also statically imported by /home/user/Projects/ziabary-platform-sveltekit/src/lib/content.ts, dynamic import will not move module into another chunk.

[plugin vite:reporter] 
(!) /home/user/Projects/ziabary-platform-sveltekit/src/lib/content/articles/mlops-foundation-of-zero-trust-ai-en.md is dynamically imported by /home/user/Projects/ziabary-platform-sveltekit/src/lib/content.ts but also statically imported by /home/user/Projects/ziabary-platform-sveltekit/src/lib/content.ts, dynamic import will not move module into another chunk.

[plugin vite:reporter] 
(!) /home/user/Projects/ziabary-platform-sveltekit/src/lib/content/articles/mlops-foundation-of-zero-trust-ai-es.md is dynamically imported by /home/user/Projects/ziabary-platform-sveltekit/src/lib/content.ts but also statically imported by /home/user/Projects/ziabary-platform-sveltekit/src/lib/content.ts, dynamic import will not move module into another chunk.

[plugin vite:reporter] 
(!) /home/user/Projects/ziabary-platform-sveltekit/src/lib/content/articles/mlops-foundation-of-zero-trust-ai.md is dynamically imported by /home/user/Projects/ziabary-platform-sveltekit/src/lib/content.ts but also statically imported by /home/user/Projects/ziabary-platform-sveltekit/src/lib/content.ts, dynamic import will not move module into another chunk.

[plugin vite:reporter] 
(!) /home/user/Projects/ziabary-platform-sveltekit/src/lib/content/articles/national-ai-organization-from-law-to-impact.md is dynamically imported by /home/user/Projects/ziabary-platform-sveltekit/src/lib/content.ts but also statically imported by /home/user/Projects/ziabary-platform-sveltekit/src/lib/content.ts, dynamic import will not move module into another chunk.

[plugin vite:reporter] 
(!) /home/user/Projects/ziabary-platform-sveltekit/src/lib/content/articles/national-ai-organization-not-headquarters.md is dynamically imported by /home/user/Projects/ziabary-platform-sveltekit/src/lib/content.ts but also statically imported by /home/user/Projects/ziabary-platform-sveltekit/src/lib/content.ts, dynamic import will not move module into another chunk.

[plugin vite:reporter] 
(!) /home/user/Projects/ziabary-platform-sveltekit/src/lib/content/articles/national-ai-platform.md is dynamically imported by /home/user/Projects/ziabary-platform-sveltekit/src/lib/content.ts but also statically imported by /home/user/Projects/ziabary-platform-sveltekit/src/lib/content.ts, dynamic import will not move module into another chunk.

[plugin vite:reporter] 
(!) /home/user/Projects/ziabary-platform-sveltekit/src/lib/content/articles/noafarin-plan.md is dynamically imported by /home/user/Projects/ziabary-platform-sveltekit/src/lib/content.ts but also statically imported by /home/user/Projects/ziabary-platform-sveltekit/src/lib/content.ts, dynamic import will not move module into another chunk.

[plugin vite:reporter] 
(!) /home/user/Projects/ziabary-platform-sveltekit/src/lib/content/articles/one-linux-hardening-policy-does-not-fit-all.md is dynamically imported by /home/user/Projects/ziabary-platform-sveltekit/src/lib/content.ts but also statically imported by /home/user/Projects/ziabary-platform-sveltekit/src/lib/content.ts, dynamic import will not move module into another chunk.

[plugin vite:reporter] 
(!) /home/user/Projects/ziabary-platform-sveltekit/src/lib/content/articles/pcie-gpu-server-selection-en.md is dynamically imported by /home/user/Projects/ziabary-platform-sveltekit/src/lib/content.ts but also statically imported by /home/user/Projects/ziabary-platform-sveltekit/src/lib/content.ts, dynamic import will not move module into another chunk.

[plugin vite:reporter] 
(!) /home/user/Projects/ziabary-platform-sveltekit/src/lib/content/articles/pcie-gpu-server-selection-es.md is dynamically imported by /home/user/Projects/ziabary-platform-sveltekit/src/lib/content.ts but also statically imported by /home/user/Projects/ziabary-platform-sveltekit/src/lib/content.ts, dynamic import will not move module into another chunk.

[plugin vite:reporter] 
(!) /home/user/Projects/ziabary-platform-sveltekit/src/lib/content/articles/pcie-gpu-server-selection.md is dynamically imported by /home/user/Projects/ziabary-platform-sveltekit/src/lib/content.ts but also statically imported by /home/user/Projects/ziabary-platform-sveltekit/src/lib/content.ts, dynamic import will not move module into another chunk.

[plugin vite:reporter] 
(!) /home/user/Projects/ziabary-platform-sveltekit/src/lib/content/articles/pcie-vs-sxm-for-ai-en.md is dynamically imported by /home/user/Projects/ziabary-platform-sveltekit/src/lib/content.ts but also statically imported by /home/user/Projects/ziabary-platform-sveltekit/src/lib/content.ts, dynamic import will not move module into another chunk.

[plugin vite:reporter] 
(!) /home/user/Projects/ziabary-platform-sveltekit/src/lib/content/articles/pcie-vs-sxm-for-ai-es.md is dynamically imported by /home/user/Projects/ziabary-platform-sveltekit/src/lib/content.ts but also statically imported by /home/user/Projects/ziabary-platform-sveltekit/src/lib/content.ts, dynamic import will not move module into another chunk.

[plugin vite:reporter] 
(!) /home/user/Projects/ziabary-platform-sveltekit/src/lib/content/articles/pcie-vs-sxm-for-ai.md is dynamically imported by /home/user/Projects/ziabary-platform-sveltekit/src/lib/content.ts but also statically imported by /home/user/Projects/ziabary-platform-sveltekit/src/lib/content.ts, dynamic import will not move module into another chunk.

[plugin vite:reporter] 
(!) /home/user/Projects/ziabary-platform-sveltekit/src/lib/content/articles/secure-rag-agent.md is dynamically imported by /home/user/Projects/ziabary-platform-sveltekit/src/lib/content.ts but also statically imported by /home/user/Projects/ziabary-platform-sveltekit/src/lib/content.ts, dynamic import will not move module into another chunk.

[plugin vite:reporter] 
(!) /home/user/Projects/ziabary-platform-sveltekit/src/lib/content/articles/seventy-million-words-a-day.md is dynamically imported by /home/user/Projects/ziabary-platform-sveltekit/src/lib/content.ts but also statically imported by /home/user/Projects/ziabary-platform-sveltekit/src/lib/content.ts, dynamic import will not move module into another chunk.

[plugin vite:reporter] 
(!) /home/user/Projects/ziabary-platform-sveltekit/src/lib/content/articles/slow-ai-in-iran.md is dynamically imported by /home/user/Projects/ziabary-platform-sveltekit/src/lib/content.ts but also statically imported by /home/user/Projects/ziabary-platform-sveltekit/src/lib/content.ts, dynamic import will not move module into another chunk.

[plugin vite:reporter] 
(!) /home/user/Projects/ziabary-platform-sveltekit/src/lib/content/articles/sms-otp-security-design.md is dynamically imported by /home/user/Projects/ziabary-platform-sveltekit/src/lib/content.ts but also statically imported by /home/user/Projects/ziabary-platform-sveltekit/src/lib/content.ts, dynamic import will not move module into another chunk.

[plugin vite:reporter] 
(!) /home/user/Projects/ziabary-platform-sveltekit/src/lib/content/articles/software-raid-opensuse.md is dynamically imported by /home/user/Projects/ziabary-platform-sveltekit/src/lib/content.ts but also statically imported by /home/user/Projects/ziabary-platform-sveltekit/src/lib/content.ts, dynamic import will not move module into another chunk.

[plugin vite:reporter] 
(!) /home/user/Projects/ziabary-platform-sveltekit/src/lib/content/articles/targoman-transformer-update.md is dynamically imported by /home/user/Projects/ziabary-platform-sveltekit/src/lib/content.ts but also statically imported by /home/user/Projects/ziabary-platform-sveltekit/src/lib/content.ts, dynamic import will not move module into another chunk.

[plugin vite:reporter] 
(!) /home/user/Projects/ziabary-platform-sveltekit/src/lib/content/articles/targoman-without-rent.md is dynamically imported by /home/user/Projects/ziabary-platform-sveltekit/src/lib/content.ts but also statically imported by /home/user/Projects/ziabary-platform-sveltekit/src/lib/content.ts, dynamic import will not move module into another chunk.

[plugin vite:reporter] 
(!) /home/user/Projects/ziabary-platform-sveltekit/src/lib/content/articles/third-revolution-in-warfare.md is dynamically imported by /home/user/Projects/ziabary-platform-sveltekit/src/lib/content.ts but also statically imported by /home/user/Projects/ziabary-platform-sveltekit/src/lib/content.ts, dynamic import will not move module into another chunk.

[plugin vite:reporter] 
(!) /home/user/Projects/ziabary-platform-sveltekit/src/lib/content/articles/why-shamsa.md is dynamically imported by /home/user/Projects/ziabary-platform-sveltekit/src/lib/content.ts but also statically imported by /home/user/Projects/ziabary-platform-sveltekit/src/lib/content.ts, dynamic import will not move module into another chunk.

[plugin vite:reporter] 
(!) /home/user/Projects/ziabary-platform-sveltekit/src/lib/content/articles/xaas-tax-laws.md is dynamically imported by /home/user/Projects/ziabary-platform-sveltekit/src/lib/content.ts but also statically imported by /home/user/Projects/ziabary-platform-sveltekit/src/lib/content.ts, dynamic import will not move module into another chunk.

[plugin vite:reporter] 
(!) /home/user/Projects/ziabary-platform-sveltekit/src/lib/content/articles/zero-trust-ai-maturity-model-en.md is dynamically imported by /home/user/Projects/ziabary-platform-sveltekit/src/lib/content.ts but also statically imported by /home/user/Projects/ziabary-platform-sveltekit/src/lib/content.ts, dynamic import will not move module into another chunk.

[plugin vite:reporter] 
(!) /home/user/Projects/ziabary-platform-sveltekit/src/lib/content/articles/zero-trust-ai-maturity-model-es.md is dynamically imported by /home/user/Projects/ziabary-platform-sveltekit/src/lib/content.ts but also statically imported by /home/user/Projects/ziabary-platform-sveltekit/src/lib/content.ts, dynamic import will not move module into another chunk.

[plugin vite:reporter] 
(!) /home/user/Projects/ziabary-platform-sveltekit/src/lib/content/articles/zero-trust-ai-maturity-model.md is dynamically imported by /home/user/Projects/ziabary-platform-sveltekit/src/lib/content.ts but also statically imported by /home/user/Projects/ziabary-platform-sveltekit/src/lib/content.ts, dynamic import will not move module into another chunk.

[plugin vite:reporter] 
(!) /home/user/Projects/ziabary-platform-sveltekit/src/lib/content/articles/zero-trust-ai-principles-and-controls-en.md is dynamically imported by /home/user/Projects/ziabary-platform-sveltekit/src/lib/content.ts but also statically imported by /home/user/Projects/ziabary-platform-sveltekit/src/lib/content.ts, dynamic import will not move module into another chunk.

[plugin vite:reporter] 
(!) /home/user/Projects/ziabary-platform-sveltekit/src/lib/content/articles/zero-trust-ai-principles-and-controls-es.md is dynamically imported by /home/user/Projects/ziabary-platform-sveltekit/src/lib/content.ts but also statically imported by /home/user/Projects/ziabary-platform-sveltekit/src/lib/content.ts, dynamic import will not move module into another chunk.

[plugin vite:reporter] 
(!) /home/user/Projects/ziabary-platform-sveltekit/src/lib/content/articles/zero-trust-ai-principles-and-controls.md is dynamically imported by /home/user/Projects/ziabary-platform-sveltekit/src/lib/content.ts but also statically imported by /home/user/Projects/ziabary-platform-sveltekit/src/lib/content.ts, dynamic import will not move module into another chunk.

[plugin vite:reporter] 
(!) /home/user/Projects/ziabary-platform-sveltekit/src/lib/content/articles/ztai-indirect-data-access-en.md is dynamically imported by /home/user/Projects/ziabary-platform-sveltekit/src/lib/content.ts but also statically imported by /home/user/Projects/ziabary-platform-sveltekit/src/lib/content.ts, dynamic import will not move module into another chunk.

[plugin vite:reporter] 
(!) /home/user/Projects/ziabary-platform-sveltekit/src/lib/content/articles/ztai-indirect-data-access-es.md is dynamically imported by /home/user/Projects/ziabary-platform-sveltekit/src/lib/content.ts but also statically imported by /home/user/Projects/ziabary-platform-sveltekit/src/lib/content.ts, dynamic import will not move module into another chunk.

[plugin vite:reporter] 
(!) /home/user/Projects/ziabary-platform-sveltekit/src/lib/content/articles/ztai-indirect-data-access.md is dynamically imported by /home/user/Projects/ziabary-platform-sveltekit/src/lib/content.ts but also statically imported by /home/user/Projects/ziabary-platform-sveltekit/src/lib/content.ts, dynamic import will not move module into another chunk.

vite v7.3.6 building client environment for production...
transforming...
✓ 443 modules transformed.
rendering chunks...
[plugin vite:reporter] 
(!) /home/user/Projects/ziabary-platform-sveltekit/src/lib/content/articles/accessing-legacy-numenta-content.md is dynamically imported by /home/user/Projects/ziabary-platform-sveltekit/src/lib/content.ts but also statically imported by /home/user/Projects/ziabary-platform-sveltekit/src/lib/content.ts, dynamic import will not move module into another chunk.

[plugin vite:reporter] 
(!) /home/user/Projects/ziabary-platform-sveltekit/src/lib/content/articles/ai-cosmetic-surgery-or-chemotherapy.md is dynamically imported by /home/user/Projects/ziabary-platform-sveltekit/src/lib/content.ts but also statically imported by /home/user/Projects/ziabary-platform-sveltekit/src/lib/content.ts, dynamic import will not move module into another chunk.

[plugin vite:reporter] 
(!) /home/user/Projects/ziabary-platform-sveltekit/src/lib/content/articles/ai-data-confidentiality-safe-processing.md is dynamically imported by /home/user/Projects/ziabary-platform-sveltekit/src/lib/content.ts but also statically imported by /home/user/Projects/ziabary-platform-sveltekit/src/lib/content.ts, dynamic import will not move module into another chunk.

[plugin vite:reporter] 
(!) /home/user/Projects/ziabary-platform-sveltekit/src/lib/content/articles/ai-from-gitex-to-parliament.md is dynamically imported by /home/user/Projects/ziabary-platform-sveltekit/src/lib/content.ts but also statically imported by /home/user/Projects/ziabary-platform-sveltekit/src/lib/content.ts, dynamic import will not move module into another chunk.

[plugin vite:reporter] 
(!) /home/user/Projects/ziabary-platform-sveltekit/src/lib/content/articles/ai-infrastructure-security-starts-with-kernel-and-gpu.md is dynamically imported by /home/user/Projects/ziabary-platform-sveltekit/src/lib/content.ts but also statically imported by /home/user/Projects/ziabary-platform-sveltekit/src/lib/content.ts, dynamic import will not move module into another chunk.

[plugin vite:reporter] 
(!) /home/user/Projects/ziabary-platform-sveltekit/src/lib/content/articles/ai-operator-model-private-sector.md is dynamically imported by /home/user/Projects/ziabary-platform-sveltekit/src/lib/content.ts but also statically imported by /home/user/Projects/ziabary-platform-sveltekit/src/lib/content.ts, dynamic import will not move module into another chunk.

[plugin vite:reporter] 
(!) /home/user/Projects/ziabary-platform-sveltekit/src/lib/content/articles/air-gap-moves-trust-boundary.md is dynamically imported by /home/user/Projects/ziabary-platform-sveltekit/src/lib/content.ts but also statically imported by /home/user/Projects/ziabary-platform-sveltekit/src/lib/content.ts, dynamic import will not move module into another chunk.

[plugin vite:reporter] 
(!) /home/user/Projects/ziabary-platform-sveltekit/src/lib/content/articles/apache-mod-jk-log-lock.md is dynamically imported by /home/user/Projects/ziabary-platform-sveltekit/src/lib/content.ts but also statically imported by /home/user/Projects/ziabary-platform-sveltekit/src/lib/content.ts, dynamic import will not move module into another chunk.

[plugin vite:reporter] 
(!) /home/user/Projects/ziabary-platform-sveltekit/src/lib/content/articles/architecture-is-governance.md is dynamically imported by /home/user/Projects/ziabary-platform-sveltekit/src/lib/content.ts but also statically imported by /home/user/Projects/ziabary-platform-sveltekit/src/lib/content.ts, dynamic import will not move module into another chunk.

[plugin vite:reporter] 
(!) /home/user/Projects/ziabary-platform-sveltekit/src/lib/content/articles/ayar-hoomas.md is dynamically imported by /home/user/Projects/ziabary-platform-sveltekit/src/lib/content.ts but also statically imported by /home/user/Projects/ziabary-platform-sveltekit/src/lib/content.ts, dynamic import will not move module into another chunk.

[plugin vite:reporter] 
(!) /home/user/Projects/ziabary-platform-sveltekit/src/lib/content/articles/building-targoman-without-patronage.md is dynamically imported by /home/user/Projects/ziabary-platform-sveltekit/src/lib/content.ts but also statically imported by /home/user/Projects/ziabary-platform-sveltekit/src/lib/content.ts, dynamic import will not move module into another chunk.

[plugin vite:reporter] 
(!) /home/user/Projects/ziabary-platform-sveltekit/src/lib/content/articles/china-travelogue-part-1.md is dynamically imported by /home/user/Projects/ziabary-platform-sveltekit/src/lib/content.ts but also statically imported by /home/user/Projects/ziabary-platform-sveltekit/src/lib/content.ts, dynamic import will not move module into another chunk.

[plugin vite:reporter] 
(!) /home/user/Projects/ziabary-platform-sveltekit/src/lib/content/articles/china-travelogue-part-2.md is dynamically imported by /home/user/Projects/ziabary-platform-sveltekit/src/lib/content.ts but also statically imported by /home/user/Projects/ziabary-platform-sveltekit/src/lib/content.ts, dynamic import will not move module into another chunk.

[plugin vite:reporter] 
(!) /home/user/Projects/ziabary-platform-sveltekit/src/lib/content/articles/choosing-gpu-for-ai-en.md is dynamically imported by /home/user/Projects/ziabary-platform-sveltekit/src/lib/content.ts but also statically imported by /home/user/Projects/ziabary-platform-sveltekit/src/lib/content.ts, dynamic import will not move module into another chunk.

[plugin vite:reporter] 
(!) /home/user/Projects/ziabary-platform-sveltekit/src/lib/content/articles/choosing-gpu-for-ai-es.md is dynamically imported by /home/user/Projects/ziabary-platform-sveltekit/src/lib/content.ts but also statically imported by /home/user/Projects/ziabary-platform-sveltekit/src/lib/content.ts, dynamic import will not move module into another chunk.

[plugin vite:reporter] 
(!) /home/user/Projects/ziabary-platform-sveltekit/src/lib/content/articles/choosing-gpu-for-ai.md is dynamically imported by /home/user/Projects/ziabary-platform-sveltekit/src/lib/content.ts but also statically imported by /home/user/Projects/ziabary-platform-sveltekit/src/lib/content.ts, dynamic import will not move module into another chunk.

[plugin vite:reporter] 
(!) /home/user/Projects/ziabary-platform-sveltekit/src/lib/content/articles/configuration-drift-attestation-and-rollback.md is dynamically imported by /home/user/Projects/ziabary-platform-sveltekit/src/lib/content.ts but also statically imported by /home/user/Projects/ziabary-platform-sveltekit/src/lib/content.ts, dynamic import will not move module into another chunk.

[plugin vite:reporter] 
(!) /home/user/Projects/ziabary-platform-sveltekit/src/lib/content/articles/construir-targoman-sin-padrinos.md is dynamically imported by /home/user/Projects/ziabary-platform-sveltekit/src/lib/content.ts but also statically imported by /home/user/Projects/ziabary-platform-sveltekit/src/lib/content.ts, dynamic import will not move module into another chunk.

[plugin vite:reporter] 
(!) /home/user/Projects/ziabary-platform-sveltekit/src/lib/content/articles/containers-are-not-security-boundaries.md is dynamically imported by /home/user/Projects/ziabary-platform-sveltekit/src/lib/content.ts but also statically imported by /home/user/Projects/ziabary-platform-sveltekit/src/lib/content.ts, dynamic import will not move module into another chunk.

[plugin vite:reporter] 
(!) /home/user/Projects/ziabary-platform-sveltekit/src/lib/content/articles/crypto-shared-portfolio-profit.md is dynamically imported by /home/user/Projects/ziabary-platform-sveltekit/src/lib/content.ts but also statically imported by /home/user/Projects/ziabary-platform-sveltekit/src/lib/content.ts, dynamic import will not move module into another chunk.

[plugin vite:reporter] 
(!) /home/user/Projects/ziabary-platform-sveltekit/src/lib/content/articles/cuando-un-otp-por-sms-reduce-la-seguridad.md is dynamically imported by /home/user/Projects/ziabary-platform-sveltekit/src/lib/content.ts but also statically imported by /home/user/Projects/ziabary-platform-sveltekit/src/lib/content.ts, dynamic import will not move module into another chunk.

[plugin vite:reporter] 
(!) /home/user/Projects/ziabary-platform-sveltekit/src/lib/content/articles/data-ecosystem-regulation-players.md is dynamically imported by /home/user/Projects/ziabary-platform-sveltekit/src/lib/content.ts but also statically imported by /home/user/Projects/ziabary-platform-sveltekit/src/lib/content.ts, dynamic import will not move module into another chunk.

[plugin vite:reporter] 
(!) /home/user/Projects/ziabary-platform-sveltekit/src/lib/content/articles/data-regulation-balance.md is dynamically imported by /home/user/Projects/ziabary-platform-sveltekit/src/lib/content.ts but also statically imported by /home/user/Projects/ziabary-platform-sveltekit/src/lib/content.ts, dynamic import will not move module into another chunk.

[plugin vite:reporter] 
(!) /home/user/Projects/ziabary-platform-sveltekit/src/lib/content/articles/data-regulation-intergroup-conflicts.md is dynamically imported by /home/user/Projects/ziabary-platform-sveltekit/src/lib/content.ts but also statically imported by /home/user/Projects/ziabary-platform-sveltekit/src/lib/content.ts, dynamic import will not move module into another chunk.

[plugin vite:reporter] 
(!) /home/user/Projects/ziabary-platform-sveltekit/src/lib/content/articles/data-regulation-intragroup-conflicts.md is dynamically imported by /home/user/Projects/ziabary-platform-sveltekit/src/lib/content.ts but also statically imported by /home/user/Projects/ziabary-platform-sveltekit/src/lib/content.ts, dynamic import will not move module into another chunk.

[plugin vite:reporter] 
(!) /home/user/Projects/ziabary-platform-sveltekit/src/lib/content/articles/dgx-and-standard-gpu-servers-en.md is dynamically imported by /home/user/Projects/ziabary-platform-sveltekit/src/lib/content.ts but also statically imported by /home/user/Projects/ziabary-platform-sveltekit/src/lib/content.ts, dynamic import will not move module into another chunk.

[plugin vite:reporter] 
(!) /home/user/Projects/ziabary-platform-sveltekit/src/lib/content/articles/dgx-and-standard-gpu-servers-es.md is dynamically imported by /home/user/Projects/ziabary-platform-sveltekit/src/lib/content.ts but also statically imported by /home/user/Projects/ziabary-platform-sveltekit/src/lib/content.ts, dynamic import will not move module into another chunk.

[plugin vite:reporter] 
(!) /home/user/Projects/ziabary-platform-sveltekit/src/lib/content/articles/dgx-and-standard-gpu-servers.md is dynamically imported by /home/user/Projects/ziabary-platform-sveltekit/src/lib/content.ts but also statically imported by /home/user/Projects/ziabary-platform-sveltekit/src/lib/content.ts, dynamic import will not move module into another chunk.

[plugin vite:reporter] 
(!) /home/user/Projects/ziabary-platform-sveltekit/src/lib/content/articles/dynamic-password-fraud.md is dynamically imported by /home/user/Projects/ziabary-platform-sveltekit/src/lib/content.ts but also statically imported by /home/user/Projects/ziabary-platform-sveltekit/src/lib/content.ts, dynamic import will not move module into another chunk.

[plugin vite:reporter] 
(!) /home/user/Projects/ziabary-platform-sveltekit/src/lib/content/articles/elecomp-29-from-technology-to-synergy.md is dynamically imported by /home/user/Projects/ziabary-platform-sveltekit/src/lib/content.ts but also statically imported by /home/user/Projects/ziabary-platform-sveltekit/src/lib/content.ts, dynamic import will not move module into another chunk.

[plugin vite:reporter] 
(!) /home/user/Projects/ziabary-platform-sveltekit/src/lib/content/articles/from-stig-cis-to-rbac.md is dynamically imported by /home/user/Projects/ziabary-platform-sveltekit/src/lib/content.ts but also statically imported by /home/user/Projects/ziabary-platform-sveltekit/src/lib/content.ts, dynamic import will not move module into another chunk.

[plugin vite:reporter] 
(!) /home/user/Projects/ziabary-platform-sveltekit/src/lib/content/articles/from-zero-trust-to-zero-trust-ai-en.md is dynamically imported by /home/user/Projects/ziabary-platform-sveltekit/src/lib/content.ts but also statically imported by /home/user/Projects/ziabary-platform-sveltekit/src/lib/content.ts, dynamic import will not move module into another chunk.

[plugin vite:reporter] 
(!) /home/user/Projects/ziabary-platform-sveltekit/src/lib/content/articles/from-zero-trust-to-zero-trust-ai-es.md is dynamically imported by /home/user/Projects/ziabary-platform-sveltekit/src/lib/content.ts but also statically imported by /home/user/Projects/ziabary-platform-sveltekit/src/lib/content.ts, dynamic import will not move module into another chunk.

[plugin vite:reporter] 
(!) /home/user/Projects/ziabary-platform-sveltekit/src/lib/content/articles/from-zero-trust-to-zero-trust-ai.md is dynamically imported by /home/user/Projects/ziabary-platform-sveltekit/src/lib/content.ts but also statically imported by /home/user/Projects/ziabary-platform-sveltekit/src/lib/content.ts, dynamic import will not move module into another chunk.

[plugin vite:reporter] 
(!) /home/user/Projects/ziabary-platform-sveltekit/src/lib/content/articles/gitex-2025-report.md is dynamically imported by /home/user/Projects/ziabary-platform-sveltekit/src/lib/content.ts but also statically imported by /home/user/Projects/ziabary-platform-sveltekit/src/lib/content.ts, dynamic import will not move module into another chunk.

[plugin vite:reporter] 
(!) /home/user/Projects/ziabary-platform-sveltekit/src/lib/content/articles/global-data-regulation-experiences.md is dynamically imported by /home/user/Projects/ziabary-platform-sveltekit/src/lib/content.ts but also statically imported by /home/user/Projects/ziabary-platform-sveltekit/src/lib/content.ts, dynamic import will not move module into another chunk.

[plugin vite:reporter] 
(!) /home/user/Projects/ziabary-platform-sveltekit/src/lib/content/articles/google-used-targoman.md is dynamically imported by /home/user/Projects/ziabary-platform-sveltekit/src/lib/content.ts but also statically imported by /home/user/Projects/ziabary-platform-sveltekit/src/lib/content.ts, dynamic import will not move module into another chunk.

[plugin vite:reporter] 
(!) /home/user/Projects/ziabary-platform-sveltekit/src/lib/content/articles/gpu-server-platform-components-en.md is dynamically imported by /home/user/Projects/ziabary-platform-sveltekit/src/lib/content.ts but also statically imported by /home/user/Projects/ziabary-platform-sveltekit/src/lib/content.ts, dynamic import will not move module into another chunk.

[plugin vite:reporter] 
(!) /home/user/Projects/ziabary-platform-sveltekit/src/lib/content/articles/gpu-server-platform-components-es.md is dynamically imported by /home/user/Projects/ziabary-platform-sveltekit/src/lib/content.ts but also statically imported by /home/user/Projects/ziabary-platform-sveltekit/src/lib/content.ts, dynamic import will not move module into another chunk.

[plugin vite:reporter] 
(!) /home/user/Projects/ziabary-platform-sveltekit/src/lib/content/articles/gpu-server-platform-components.md is dynamically imported by /home/user/Projects/ziabary-platform-sveltekit/src/lib/content.ts but also statically imported by /home/user/Projects/ziabary-platform-sveltekit/src/lib/content.ts, dynamic import will not move module into another chunk.

[plugin vite:reporter] 
(!) /home/user/Projects/ziabary-platform-sveltekit/src/lib/content/articles/gpu-types-for-ai-en.md is dynamically imported by /home/user/Projects/ziabary-platform-sveltekit/src/lib/content.ts but also statically imported by /home/user/Projects/ziabary-platform-sveltekit/src/lib/content.ts, dynamic import will not move module into another chunk.

[plugin vite:reporter] 
(!) /home/user/Projects/ziabary-platform-sveltekit/src/lib/content/articles/gpu-types-for-ai-es.md is dynamically imported by /home/user/Projects/ziabary-platform-sveltekit/src/lib/content.ts but also statically imported by /home/user/Projects/ziabary-platform-sveltekit/src/lib/content.ts, dynamic import will not move module into another chunk.

[plugin vite:reporter] 
(!) /home/user/Projects/ziabary-platform-sveltekit/src/lib/content/articles/gpu-types-for-ai.md is dynamically imported by /home/user/Projects/ziabary-platform-sveltekit/src/lib/content.ts but also statically imported by /home/user/Projects/ziabary-platform-sveltekit/src/lib/content.ts, dynamic import will not move module into another chunk.

[plugin vite:reporter] 
(!) /home/user/Projects/ziabary-platform-sveltekit/src/lib/content/articles/htm-papers-and-books.md is dynamically imported by /home/user/Projects/ziabary-platform-sveltekit/src/lib/content.ts but also statically imported by /home/user/Projects/ziabary-platform-sveltekit/src/lib/content.ts, dynamic import will not move module into another chunk.

[plugin vite:reporter] 
(!) /home/user/Projects/ziabary-platform-sveltekit/src/lib/content/articles/install-dgtechnics-smart-hdtv-linux.md is dynamically imported by /home/user/Projects/ziabary-platform-sveltekit/src/lib/content.ts but also statically imported by /home/user/Projects/ziabary-platform-sveltekit/src/lib/content.ts, dynamic import will not move module into another chunk.

[plugin vite:reporter] 
(!) /home/user/Projects/ziabary-platform-sveltekit/src/lib/content/articles/install-nupic-opensuse.md is dynamically imported by /home/user/Projects/ziabary-platform-sveltekit/src/lib/content.ts but also statically imported by /home/user/Projects/ziabary-platform-sveltekit/src/lib/content.ts, dynamic import will not move module into another chunk.

[plugin vite:reporter] 
(!) /home/user/Projects/ziabary-platform-sveltekit/src/lib/content/articles/install-tbs6980-tbs6981-linux.md is dynamically imported by /home/user/Projects/ziabary-platform-sveltekit/src/lib/content.ts but also statically imported by /home/user/Projects/ziabary-platform-sveltekit/src/lib/content.ts, dynamic import will not move module into another chunk.

[plugin vite:reporter] 
(!) /home/user/Projects/ziabary-platform-sveltekit/src/lib/content/articles/int8-or-fp8-real-gpu-support-en.md is dynamically imported by /home/user/Projects/ziabary-platform-sveltekit/src/lib/content.ts but also statically imported by /home/user/Projects/ziabary-platform-sveltekit/src/lib/content.ts, dynamic import will not move module into another chunk.

[plugin vite:reporter] 
(!) /home/user/Projects/ziabary-platform-sveltekit/src/lib/content/articles/int8-or-fp8-real-gpu-support-es.md is dynamically imported by /home/user/Projects/ziabary-platform-sveltekit/src/lib/content.ts but also statically imported by /home/user/Projects/ziabary-platform-sveltekit/src/lib/content.ts, dynamic import will not move module into another chunk.

[plugin vite:reporter] 
(!) /home/user/Projects/ziabary-platform-sveltekit/src/lib/content/articles/int8-or-fp8-real-gpu-support.md is dynamically imported by /home/user/Projects/ziabary-platform-sveltekit/src/lib/content.ts but also statically imported by /home/user/Projects/ziabary-platform-sveltekit/src/lib/content.ts, dynamic import will not move module into another chunk.

[plugin vite:reporter] 
(!) /home/user/Projects/ziabary-platform-sveltekit/src/lib/content/articles/investment-in-ai.md is dynamically imported by /home/user/Projects/ziabary-platform-sveltekit/src/lib/content.ts but also statically imported by /home/user/Projects/ziabary-platform-sveltekit/src/lib/content.ts, dynamic import will not move module into another chunk.

[plugin vite:reporter] 
(!) /home/user/Projects/ziabary-platform-sveltekit/src/lib/content/articles/iran-ai-ranking-analysis.md is dynamically imported by /home/user/Projects/ziabary-platform-sveltekit/src/lib/content.ts but also statically imported by /home/user/Projects/ziabary-platform-sveltekit/src/lib/content.ts, dynamic import will not move module into another chunk.

[plugin vite:reporter] 
(!) /home/user/Projects/ziabary-platform-sveltekit/src/lib/content/articles/iran-ai-top-ten-roadmap.md is dynamically imported by /home/user/Projects/ziabary-platform-sveltekit/src/lib/content.ts but also statically imported by /home/user/Projects/ziabary-platform-sveltekit/src/lib/content.ts, dynamic import will not move module into another chunk.

[plugin vite:reporter] 
(!) /home/user/Projects/ziabary-platform-sveltekit/src/lib/content/articles/iran-israel-war-ai.md is dynamically imported by /home/user/Projects/ziabary-platform-sveltekit/src/lib/content.ts but also statically imported by /home/user/Projects/ziabary-platform-sveltekit/src/lib/content.ts, dynamic import will not move module into another chunk.

[plugin vite:reporter] 
(!) /home/user/Projects/ziabary-platform-sveltekit/src/lib/content/articles/iran-third-generation-warfare.md is dynamically imported by /home/user/Projects/ziabary-platform-sveltekit/src/lib/content.ts but also statically imported by /home/user/Projects/ziabary-platform-sveltekit/src/lib/content.ts, dynamic import will not move module into another chunk.

[plugin vite:reporter] 
(!) /home/user/Projects/ziabary-platform-sveltekit/src/lib/content/articles/language-identification-reading-list.md is dynamically imported by /home/user/Projects/ziabary-platform-sveltekit/src/lib/content.ts but also statically imported by /home/user/Projects/ziabary-platform-sveltekit/src/lib/content.ts, dynamic import will not move module into another chunk.

[plugin vite:reporter] 
(!) /home/user/Projects/ziabary-platform-sveltekit/src/lib/content/articles/legacy-migration-does-not-remove-risk.md is dynamically imported by /home/user/Projects/ziabary-platform-sveltekit/src/lib/content.ts but also statically imported by /home/user/Projects/ziabary-platform-sveltekit/src/lib/content.ts, dynamic import will not move module into another chunk.

[plugin vite:reporter] 
(!) /home/user/Projects/ziabary-platform-sveltekit/src/lib/content/articles/linux-distribution-as-security-governance.md is dynamically imported by /home/user/Projects/ziabary-platform-sveltekit/src/lib/content.ts but also statically imported by /home/user/Projects/ziabary-platform-sveltekit/src/lib/content.ts, dynamic import will not move module into another chunk.

[plugin vite:reporter] 
(!) /home/user/Projects/ziabary-platform-sveltekit/src/lib/content/articles/longest-bachelors-degree.md is dynamically imported by /home/user/Projects/ziabary-platform-sveltekit/src/lib/content.ts but also statically imported by /home/user/Projects/ziabary-platform-sveltekit/src/lib/content.ts, dynamic import will not move module into another chunk.

[plugin vite:reporter] 
(!) /home/user/Projects/ziabary-platform-sveltekit/src/lib/content/articles/mlops-foundation-of-zero-trust-ai-en.md is dynamically imported by /home/user/Projects/ziabary-platform-sveltekit/src/lib/content.ts but also statically imported by /home/user/Projects/ziabary-platform-sveltekit/src/lib/content.ts, dynamic import will not move module into another chunk.

[plugin vite:reporter] 
(!) /home/user/Projects/ziabary-platform-sveltekit/src/lib/content/articles/mlops-foundation-of-zero-trust-ai-es.md is dynamically imported by /home/user/Projects/ziabary-platform-sveltekit/src/lib/content.ts but also statically imported by /home/user/Projects/ziabary-platform-sveltekit/src/lib/content.ts, dynamic import will not move module into another chunk.

[plugin vite:reporter] 
(!) /home/user/Projects/ziabary-platform-sveltekit/src/lib/content/articles/mlops-foundation-of-zero-trust-ai.md is dynamically imported by /home/user/Projects/ziabary-platform-sveltekit/src/lib/content.ts but also statically imported by /home/user/Projects/ziabary-platform-sveltekit/src/lib/content.ts, dynamic import will not move module into another chunk.

[plugin vite:reporter] 
(!) /home/user/Projects/ziabary-platform-sveltekit/src/lib/content/articles/national-ai-organization-from-law-to-impact.md is dynamically imported by /home/user/Projects/ziabary-platform-sveltekit/src/lib/content.ts but also statically imported by /home/user/Projects/ziabary-platform-sveltekit/src/lib/content.ts, dynamic import will not move module into another chunk.

[plugin vite:reporter] 
(!) /home/user/Projects/ziabary-platform-sveltekit/src/lib/content/articles/national-ai-organization-not-headquarters.md is dynamically imported by /home/user/Projects/ziabary-platform-sveltekit/src/lib/content.ts but also statically imported by /home/user/Projects/ziabary-platform-sveltekit/src/lib/content.ts, dynamic import will not move module into another chunk.

[plugin vite:reporter] 
(!) /home/user/Projects/ziabary-platform-sveltekit/src/lib/content/articles/national-ai-platform.md is dynamically imported by /home/user/Projects/ziabary-platform-sveltekit/src/lib/content.ts but also statically imported by /home/user/Projects/ziabary-platform-sveltekit/src/lib/content.ts, dynamic import will not move module into another chunk.

[plugin vite:reporter] 
(!) /home/user/Projects/ziabary-platform-sveltekit/src/lib/content/articles/noafarin-plan.md is dynamically imported by /home/user/Projects/ziabary-platform-sveltekit/src/lib/content.ts but also statically imported by /home/user/Projects/ziabary-platform-sveltekit/src/lib/content.ts, dynamic import will not move module into another chunk.

[plugin vite:reporter] 
(!) /home/user/Projects/ziabary-platform-sveltekit/src/lib/content/articles/one-linux-hardening-policy-does-not-fit-all.md is dynamically imported by /home/user/Projects/ziabary-platform-sveltekit/src/lib/content.ts but also statically imported by /home/user/Projects/ziabary-platform-sveltekit/src/lib/content.ts, dynamic import will not move module into another chunk.

[plugin vite:reporter] 
(!) /home/user/Projects/ziabary-platform-sveltekit/src/lib/content/articles/pcie-gpu-server-selection-en.md is dynamically imported by /home/user/Projects/ziabary-platform-sveltekit/src/lib/content.ts but also statically imported by /home/user/Projects/ziabary-platform-sveltekit/src/lib/content.ts, dynamic import will not move module into another chunk.

[plugin vite:reporter] 
(!) /home/user/Projects/ziabary-platform-sveltekit/src/lib/content/articles/pcie-gpu-server-selection-es.md is dynamically imported by /home/user/Projects/ziabary-platform-sveltekit/src/lib/content.ts but also statically imported by /home/user/Projects/ziabary-platform-sveltekit/src/lib/content.ts, dynamic import will not move module into another chunk.

[plugin vite:reporter] 
(!) /home/user/Projects/ziabary-platform-sveltekit/src/lib/content/articles/pcie-gpu-server-selection.md is dynamically imported by /home/user/Projects/ziabary-platform-sveltekit/src/lib/content.ts but also statically imported by /home/user/Projects/ziabary-platform-sveltekit/src/lib/content.ts, dynamic import will not move module into another chunk.

[plugin vite:reporter] 
(!) /home/user/Projects/ziabary-platform-sveltekit/src/lib/content/articles/pcie-vs-sxm-for-ai-en.md is dynamically imported by /home/user/Projects/ziabary-platform-sveltekit/src/lib/content.ts but also statically imported by /home/user/Projects/ziabary-platform-sveltekit/src/lib/content.ts, dynamic import will not move module into another chunk.

[plugin vite:reporter] 
(!) /home/user/Projects/ziabary-platform-sveltekit/src/lib/content/articles/pcie-vs-sxm-for-ai-es.md is dynamically imported by /home/user/Projects/ziabary-platform-sveltekit/src/lib/content.ts but also statically imported by /home/user/Projects/ziabary-platform-sveltekit/src/lib/content.ts, dynamic import will not move module into another chunk.

[plugin vite:reporter] 
(!) /home/user/Projects/ziabary-platform-sveltekit/src/lib/content/articles/pcie-vs-sxm-for-ai.md is dynamically imported by /home/user/Projects/ziabary-platform-sveltekit/src/lib/content.ts but also statically imported by /home/user/Projects/ziabary-platform-sveltekit/src/lib/content.ts, dynamic import will not move module into another chunk.

[plugin vite:reporter] 
(!) /home/user/Projects/ziabary-platform-sveltekit/src/lib/content/articles/secure-rag-agent.md is dynamically imported by /home/user/Projects/ziabary-platform-sveltekit/src/lib/content.ts but also statically imported by /home/user/Projects/ziabary-platform-sveltekit/src/lib/content.ts, dynamic import will not move module into another chunk.

[plugin vite:reporter] 
(!) /home/user/Projects/ziabary-platform-sveltekit/src/lib/content/articles/seventy-million-words-a-day.md is dynamically imported by /home/user/Projects/ziabary-platform-sveltekit/src/lib/content.ts but also statically imported by /home/user/Projects/ziabary-platform-sveltekit/src/lib/content.ts, dynamic import will not move module into another chunk.

[plugin vite:reporter] 
(!) /home/user/Projects/ziabary-platform-sveltekit/src/lib/content/articles/slow-ai-in-iran.md is dynamically imported by /home/user/Projects/ziabary-platform-sveltekit/src/lib/content.ts but also statically imported by /home/user/Projects/ziabary-platform-sveltekit/src/lib/content.ts, dynamic import will not move module into another chunk.

[plugin vite:reporter] 
(!) /home/user/Projects/ziabary-platform-sveltekit/src/lib/content/articles/sms-otp-security-design.md is dynamically imported by /home/user/Projects/ziabary-platform-sveltekit/src/lib/content.ts but also statically imported by /home/user/Projects/ziabary-platform-sveltekit/src/lib/content.ts, dynamic import will not move module into another chunk.

[plugin vite:reporter] 
(!) /home/user/Projects/ziabary-platform-sveltekit/src/lib/content/articles/software-raid-opensuse.md is dynamically imported by /home/user/Projects/ziabary-platform-sveltekit/src/lib/content.ts but also statically imported by /home/user/Projects/ziabary-platform-sveltekit/src/lib/content.ts, dynamic import will not move module into another chunk.

[plugin vite:reporter] 
(!) /home/user/Projects/ziabary-platform-sveltekit/src/lib/content/articles/targoman-transformer-update.md is dynamically imported by /home/user/Projects/ziabary-platform-sveltekit/src/lib/content.ts but also statically imported by /home/user/Projects/ziabary-platform-sveltekit/src/lib/content.ts, dynamic import will not move module into another chunk.

[plugin vite:reporter] 
(!) /home/user/Projects/ziabary-platform-sveltekit/src/lib/content/articles/targoman-without-rent.md is dynamically imported by /home/user/Projects/ziabary-platform-sveltekit/src/lib/content.ts but also statically imported by /home/user/Projects/ziabary-platform-sveltekit/src/lib/content.ts, dynamic import will not move module into another chunk.

[plugin vite:reporter] 
(!) /home/user/Projects/ziabary-platform-sveltekit/src/lib/content/articles/third-revolution-in-warfare.md is dynamically imported by /home/user/Projects/ziabary-platform-sveltekit/src/lib/content.ts but also statically imported by /home/user/Projects/ziabary-platform-sveltekit/src/lib/content.ts, dynamic import will not move module into another chunk.

[plugin vite:reporter] 
(!) /home/user/Projects/ziabary-platform-sveltekit/src/lib/content/articles/why-shamsa.md is dynamically imported by /home/user/Projects/ziabary-platform-sveltekit/src/lib/content.ts but also statically imported by /home/user/Projects/ziabary-platform-sveltekit/src/lib/content.ts, dynamic import will not move module into another chunk.

[plugin vite:reporter] 
(!) /home/user/Projects/ziabary-platform-sveltekit/src/lib/content/articles/xaas-tax-laws.md is dynamically imported by /home/user/Projects/ziabary-platform-sveltekit/src/lib/content.ts but also statically imported by /home/user/Projects/ziabary-platform-sveltekit/src/lib/content.ts, dynamic import will not move module into another chunk.

[plugin vite:reporter] 
(!) /home/user/Projects/ziabary-platform-sveltekit/src/lib/content/articles/zero-trust-ai-maturity-model-en.md is dynamically imported by /home/user/Projects/ziabary-platform-sveltekit/src/lib/content.ts but also statically imported by /home/user/Projects/ziabary-platform-sveltekit/src/lib/content.ts, dynamic import will not move module into another chunk.

[plugin vite:reporter] 
(!) /home/user/Projects/ziabary-platform-sveltekit/src/lib/content/articles/zero-trust-ai-maturity-model-es.md is dynamically imported by /home/user/Projects/ziabary-platform-sveltekit/src/lib/content.ts but also statically imported by /home/user/Projects/ziabary-platform-sveltekit/src/lib/content.ts, dynamic import will not move module into another chunk.

[plugin vite:reporter] 
(!) /home/user/Projects/ziabary-platform-sveltekit/src/lib/content/articles/zero-trust-ai-maturity-model.md is dynamically imported by /home/user/Projects/ziabary-platform-sveltekit/src/lib/content.ts but also statically imported by /home/user/Projects/ziabary-platform-sveltekit/src/lib/content.ts, dynamic import will not move module into another chunk.

[plugin vite:reporter] 
(!) /home/user/Projects/ziabary-platform-sveltekit/src/lib/content/articles/zero-trust-ai-principles-and-controls-en.md is dynamically imported by /home/user/Projects/ziabary-platform-sveltekit/src/lib/content.ts but also statically imported by /home/user/Projects/ziabary-platform-sveltekit/src/lib/content.ts, dynamic import will not move module into another chunk.

[plugin vite:reporter] 
(!) /home/user/Projects/ziabary-platform-sveltekit/src/lib/content/articles/zero-trust-ai-principles-and-controls-es.md is dynamically imported by /home/user/Projects/ziabary-platform-sveltekit/src/lib/content.ts but also statically imported by /home/user/Projects/ziabary-platform-sveltekit/src/lib/content.ts, dynamic import will not move module into another chunk.

[plugin vite:reporter] 
(!) /home/user/Projects/ziabary-platform-sveltekit/src/lib/content/articles/zero-trust-ai-principles-and-controls.md is dynamically imported by /home/user/Projects/ziabary-platform-sveltekit/src/lib/content.ts but also statically imported by /home/user/Projects/ziabary-platform-sveltekit/src/lib/content.ts, dynamic import will not move module into another chunk.

[plugin vite:reporter] 
(!) /home/user/Projects/ziabary-platform-sveltekit/src/lib/content/articles/ztai-indirect-data-access-en.md is dynamically imported by /home/user/Projects/ziabary-platform-sveltekit/src/lib/content.ts but also statically imported by /home/user/Projects/ziabary-platform-sveltekit/src/lib/content.ts, dynamic import will not move module into another chunk.

[plugin vite:reporter] 
(!) /home/user/Projects/ziabary-platform-sveltekit/src/lib/content/articles/ztai-indirect-data-access-es.md is dynamically imported by /home/user/Projects/ziabary-platform-sveltekit/src/lib/content.ts but also statically imported by /home/user/Projects/ziabary-platform-sveltekit/src/lib/content.ts, dynamic import will not move module into another chunk.

[plugin vite:reporter] 
(!) /home/user/Projects/ziabary-platform-sveltekit/src/lib/content/articles/ztai-indirect-data-access.md is dynamically imported by /home/user/Projects/ziabary-platform-sveltekit/src/lib/content.ts but also statically imported by /home/user/Projects/ziabary-platform-sveltekit/src/lib/content.ts, dynamic import will not move module into another chunk.

computing gzip size...
.svelte-kit/output/client/_app/version.json                                                  0.02 kB │ gzip:   0.04 kB
.svelte-kit/output/client/.vite/manifest.json                                               32.27 kB │ gzip:   3.29 kB
.svelte-kit/output/client/_app/immutable/assets/LocalizedGuides.Dp3LD5hG.css                 0.06 kB │ gzip:   0.08 kB
.svelte-kit/output/client/_app/immutable/assets/LocalizedMedia.ClwciWag.css                  0.88 kB │ gzip:   0.39 kB
.svelte-kit/output/client/_app/immutable/assets/34.Dw0vUMdv.css                              1.34 kB │ gzip:   0.55 kB
.svelte-kit/output/client/_app/immutable/assets/LocalizedHome.BHC6PeEJ.css                   1.50 kB │ gzip:   0.45 kB
.svelte-kit/output/client/_app/immutable/assets/ArticlePage.Dkd_BMFQ.css                     1.72 kB │ gzip:   0.68 kB
.svelte-kit/output/client/_app/immutable/assets/SlidesArchive.CWa9YuCj.css                   2.26 kB │ gzip:   0.72 kB
.svelte-kit/output/client/_app/immutable/assets/ArticleArchive.CglkcgA6.css                  2.48 kB │ gzip:   0.82 kB
.svelte-kit/output/client/_app/immutable/assets/home-previews.q4_KImq6.css                   2.78 kB │ gzip:   0.91 kB
.svelte-kit/output/client/_app/immutable/assets/PresentationDetail.Buxdb_P9.css              3.28 kB │ gzip:   0.85 kB
.svelte-kit/output/client/_app/immutable/assets/GuideCollectionsGrid.C1oZwAkp.css            3.30 kB │ gzip:   1.11 kB
.svelte-kit/output/client/_app/immutable/assets/LocalizedThought.B-0QfIm9.css                3.72 kB │ gzip:   0.96 kB
.svelte-kit/output/client/_app/immutable/assets/LocalizedResume.DG70koNY.css                 3.91 kB │ gzip:   0.87 kB
.svelte-kit/output/client/_app/immutable/assets/38.CsMVIeCr.css                              4.30 kB │ gzip:   1.05 kB
.svelte-kit/output/client/_app/immutable/assets/LocalizedArticleCollection.BdRWKubE.css      5.04 kB │ gzip:   1.29 kB
.svelte-kit/output/client/_app/immutable/assets/gallery.DgYAhUom.css                         5.92 kB │ gzip:   1.54 kB
.svelte-kit/output/client/_app/immutable/assets/GuidePage.CkMEMplh.css                      46.27 kB │ gzip:   6.25 kB
.svelte-kit/output/client/_app/immutable/assets/0.BJikuJSl.css                              59.42 kB │ gzip:  11.98 kB
.svelte-kit/output/client/_app/immutable/entry/start.B2wgqMg9.js                             0.08 kB │ gzip:   0.09 kB
.svelte-kit/output/client/_app/immutable/chunks/Dr0UTSVU.js                                  0.14 kB │ gzip:   0.12 kB
.svelte-kit/output/client/_app/immutable/nodes/36.Dlt3f7Ba.js                                0.15 kB │ gzip:   0.13 kB
.svelte-kit/output/client/_app/immutable/nodes/11.B_VO3PKp.js                                0.16 kB │ gzip:   0.14 kB
.svelte-kit/output/client/_app/immutable/nodes/13.BG6WpWQ8.js                                0.16 kB │ gzip:   0.14 kB
.svelte-kit/output/client/_app/immutable/nodes/14.MTXKfVSZ.js                                0.16 kB │ gzip:   0.14 kB
.svelte-kit/output/client/_app/immutable/nodes/15.MJM_7tsC.js                                0.16 kB │ gzip:   0.14 kB
.svelte-kit/output/client/_app/immutable/nodes/17.Di9Wqunh.js                                0.16 kB │ gzip:   0.14 kB
.svelte-kit/output/client/_app/immutable/nodes/19.CJgpCM4A.js                                0.16 kB │ gzip:   0.14 kB
.svelte-kit/output/client/_app/immutable/nodes/23.CKfgWpoy.js                                0.16 kB │ gzip:   0.14 kB
.svelte-kit/output/client/_app/immutable/nodes/25.BDDFVbhm.js                                0.16 kB │ gzip:   0.14 kB
.svelte-kit/output/client/_app/immutable/nodes/26.DgjzIWcA.js                                0.16 kB │ gzip:   0.14 kB
.svelte-kit/output/client/_app/immutable/nodes/27.BKd2Yo-y.js                                0.16 kB │ gzip:   0.14 kB
.svelte-kit/output/client/_app/immutable/nodes/29.DKvVTPTw.js                                0.16 kB │ gzip:   0.14 kB
.svelte-kit/output/client/_app/immutable/nodes/7.B2SkzeUl.js                                 0.16 kB │ gzip:   0.14 kB
.svelte-kit/output/client/_app/immutable/chunks/DLIvr8pO.js                                  0.20 kB │ gzip:   0.14 kB
.svelte-kit/output/client/_app/immutable/chunks/CIu62YDm.js                                  0.20 kB │ gzip:   0.17 kB
.svelte-kit/output/client/_app/immutable/chunks/DNunTDcu.js                                  0.37 kB │ gzip:   0.26 kB
.svelte-kit/output/client/_app/immutable/chunks/6pWUzEg_.js                                  0.44 kB │ gzip:   0.29 kB
.svelte-kit/output/client/_app/immutable/chunks/BdoPOU-b.js                                  0.51 kB │ gzip:   0.33 kB
.svelte-kit/output/client/_app/immutable/nodes/1.DUGaIh6m.js                                 0.51 kB │ gzip:   0.32 kB
.svelte-kit/output/client/_app/immutable/nodes/16.DqIeHYl7.js                                0.51 kB │ gzip:   0.34 kB
.svelte-kit/output/client/_app/immutable/nodes/28.DnbNG2qh.js                                0.51 kB │ gzip:   0.34 kB
.svelte-kit/output/client/_app/immutable/nodes/37.mZNERmeG.js                                0.51 kB │ gzip:   0.34 kB
.svelte-kit/output/client/_app/immutable/nodes/18.DUQOLtO3.js                                0.53 kB │ gzip:   0.35 kB
.svelte-kit/output/client/_app/immutable/nodes/39.BuoD-Vo6.js                                0.53 kB │ gzip:   0.36 kB
.svelte-kit/output/client/_app/immutable/nodes/30.BXUULKP5.js                                0.54 kB │ gzip:   0.36 kB
.svelte-kit/output/client/_app/immutable/nodes/20.CEA5-p9I.js                                0.59 kB │ gzip:   0.36 kB
.svelte-kit/output/client/_app/immutable/nodes/4.C6dlgT-h.js                                 0.59 kB │ gzip:   0.36 kB
.svelte-kit/output/client/_app/immutable/nodes/8.C2YKloT6.js                                 0.59 kB │ gzip:   0.36 kB
.svelte-kit/output/client/_app/immutable/nodes/10.D_wTf9xA.js                                0.63 kB │ gzip:   0.39 kB
.svelte-kit/output/client/_app/immutable/nodes/22.7_N4kQMI.js                                0.63 kB │ gzip:   0.39 kB
.svelte-kit/output/client/_app/immutable/nodes/6.v4mMENw3.js                                 0.63 kB │ gzip:   0.39 kB
.svelte-kit/output/client/_app/immutable/chunks/DAqIAfap.js                                  0.64 kB │ gzip:   0.39 kB
.svelte-kit/output/client/_app/immutable/chunks/OA8UcISh.js                                  0.64 kB │ gzip:   0.39 kB
.svelte-kit/output/client/_app/immutable/chunks/ZZjXRExx.js                                  0.67 kB │ gzip:   0.45 kB
.svelte-kit/output/client/_app/immutable/chunks/BBPPGyOT.js                                  0.73 kB │ gzip:   0.46 kB
.svelte-kit/output/client/_app/immutable/nodes/31.ATrNySZW.js                                0.75 kB │ gzip:   0.48 kB
.svelte-kit/output/client/_app/immutable/nodes/5.ViUE7Wsj.js                                 0.85 kB │ gzip:   0.50 kB
.svelte-kit/output/client/_app/immutable/nodes/9.CJJmYZTQ.js                                 0.85 kB │ gzip:   0.50 kB
.svelte-kit/output/client/_app/immutable/nodes/21.bkKWBWdc.js                                0.86 kB │ gzip:   0.52 kB
.svelte-kit/output/client/_app/immutable/chunks/Bh-UWLhh.js                                  0.92 kB │ gzip:   0.55 kB
.svelte-kit/output/client/_app/immutable/chunks/Wg9VXZ_W.js                                  0.99 kB │ gzip:   0.51 kB
.svelte-kit/output/client/_app/immutable/nodes/32.6VaXhOZ5.js                                0.99 kB │ gzip:   0.61 kB
.svelte-kit/output/client/_app/immutable/nodes/33.BvYUXBDU.js                                1.01 kB │ gzip:   0.59 kB
.svelte-kit/output/client/_app/immutable/chunks/PPVm8Dsz.js                                  1.23 kB │ gzip:   0.72 kB
.svelte-kit/output/client/_app/immutable/chunks/wbPk3Yxo.js                                  1.37 kB │ gzip:   0.66 kB
.svelte-kit/output/client/_app/immutable/nodes/12._7q-7Ppg.js                                1.43 kB │ gzip:   0.70 kB
.svelte-kit/output/client/_app/immutable/nodes/24.CLMfBinh.js                                1.44 kB │ gzip:   0.70 kB
.svelte-kit/output/client/_app/immutable/chunks/Clj_-3be.js                                  1.61 kB │ gzip:   0.81 kB
.svelte-kit/output/client/_app/immutable/chunks/CMpjpFWj.js                                  1.82 kB │ gzip:   0.85 kB
.svelte-kit/output/client/_app/immutable/chunks/CRmv1uWM.js                                  1.88 kB │ gzip:   0.97 kB
.svelte-kit/output/client/_app/immutable/chunks/Ch723hq5.js                                  2.36 kB │ gzip:   1.17 kB
.svelte-kit/output/client/_app/immutable/chunks/BAg-XF_k.js                                  3.39 kB │ gzip:   1.41 kB
.svelte-kit/output/client/_app/immutable/chunks/CbjRZJXL.js                                  3.51 kB │ gzip:   1.50 kB
.svelte-kit/output/client/_app/immutable/chunks/yCFquTHm.js                                  3.77 kB │ gzip:   1.88 kB
.svelte-kit/output/client/_app/immutable/chunks/DiQSeACa.js                                  4.17 kB │ gzip:   1.98 kB
.svelte-kit/output/client/_app/immutable/chunks/BZ8SkyCl.js                                  4.17 kB │ gzip:   1.69 kB
.svelte-kit/output/client/_app/immutable/chunks/tdSrqOeh.js                                  4.98 kB │ gzip:   2.16 kB
.svelte-kit/output/client/_app/immutable/chunks/fbuJKRTJ.js                                  5.34 kB │ gzip:   2.39 kB
.svelte-kit/output/client/_app/immutable/nodes/35.B9AJH4gY.js                                5.61 kB │ gzip:   2.26 kB
.svelte-kit/output/client/_app/immutable/nodes/2.Dc1PCeyM.js                                 5.85 kB │ gzip:   2.57 kB
.svelte-kit/output/client/_app/immutable/chunks/DRu_FzbO.js                                  6.52 kB │ gzip:   2.82 kB
.svelte-kit/output/client/_app/immutable/chunks/BpAFTR7v.js                                  7.02 kB │ gzip:   3.01 kB
.svelte-kit/output/client/_app/immutable/chunks/DpPWkS-9.js                                  8.44 kB │ gzip:   3.34 kB
.svelte-kit/output/client/_app/immutable/chunks/DRRx8oSE.js                                  9.05 kB │ gzip:   3.57 kB
.svelte-kit/output/client/_app/immutable/chunks/BzkSao4k.js                                  9.34 kB │ gzip:   3.60 kB
.svelte-kit/output/client/_app/immutable/chunks/CbVNrwRc.js                                  9.46 kB │ gzip:   3.43 kB
.svelte-kit/output/client/_app/immutable/chunks/CqP-snGc.js                                 10.39 kB │ gzip:   4.38 kB
.svelte-kit/output/client/_app/immutable/chunks/B4oUbsqv.js                                 11.40 kB │ gzip:   4.71 kB
.svelte-kit/output/client/_app/immutable/chunks/O_Q_1FQt.js                                 12.39 kB │ gzip:   5.54 kB
.svelte-kit/output/client/_app/immutable/entry/app.Dkh7ZWtT.js                              12.69 kB │ gzip:   3.96 kB
.svelte-kit/output/client/_app/immutable/nodes/38.D8uJh7qQ.js                               13.82 kB │ gzip:   4.59 kB
.svelte-kit/output/client/_app/immutable/nodes/3.Dv28DigB.js                                16.38 kB │ gzip:   6.71 kB
.svelte-kit/output/client/_app/immutable/chunks/hLpO_1a3.js                                 16.55 kB │ gzip:   6.99 kB
.svelte-kit/output/client/_app/immutable/nodes/0.CNSm6vUu.js                                19.94 kB │ gzip:   7.26 kB
.svelte-kit/output/client/_app/immutable/chunks/D42kWdr4.js                                 23.12 kB │ gzip:   7.92 kB
.svelte-kit/output/client/_app/immutable/chunks/B-AY0TK6.js                                 23.61 kB │ gzip:   7.50 kB
.svelte-kit/output/client/_app/immutable/nodes/34.rPJ_m0zZ.js                               26.85 kB │ gzip:   8.35 kB
.svelte-kit/output/client/_app/immutable/chunks/BE2NbNsJ.js                                 27.19 kB │ gzip:  10.48 kB
.svelte-kit/output/client/_app/immutable/chunks/Da9rJDPT.js                                 28.46 kB │ gzip:  11.06 kB
.svelte-kit/output/client/_app/immutable/chunks/pckfvWRH.js                                 31.47 kB │ gzip:   8.94 kB
.svelte-kit/output/client/_app/immutable/chunks/D6XArFh7.js                                 50.54 kB │ gzip:   9.71 kB
.svelte-kit/output/client/_app/immutable/chunks/Bh9GIsK_.js                                 72.40 kB │ gzip:  17.11 kB
.svelte-kit/output/client/_app/immutable/chunks/CyZTWib_.js                                 80.27 kB │ gzip:   9.52 kB
.svelte-kit/output/client/_app/immutable/chunks/Brtg5BG3.js                                517.20 kB │ gzip: 138.12 kB
.svelte-kit/output/client/_app/immutable/chunks/CUs3Knv6.js                              1,251.31 kB │ gzip: 361.16 kB

(!) Some chunks are larger than 500 kB after minification. Consider:
- Using dynamic import() to code-split the application
- Use build.rollupOptions.output.manualChunks to improve chunking: https://rollupjs.org/configuration-options/#output-manualchunks
- Adjust chunk size limit for this warning via build.chunkSizeWarningLimit.
✓ built in 2.25s
.svelte-kit/output/server/.vite/manifest.json                                               29.19 kB
.svelte-kit/output/server/_app/immutable/assets/LocalizedGuides.Dp3LD5hG.css                 0.06 kB
.svelte-kit/output/server/_app/immutable/assets/LocalizedMedia.ClwciWag.css                  0.88 kB
.svelte-kit/output/server/_app/immutable/assets/_page.Dw0vUMdv.css                           1.34 kB
.svelte-kit/output/server/_app/immutable/assets/LocalizedHome.BHC6PeEJ.css                   1.50 kB
.svelte-kit/output/server/_app/immutable/assets/ArticlePage.Dkd_BMFQ.css                     1.72 kB
.svelte-kit/output/server/_app/immutable/assets/SlidesArchive.CWa9YuCj.css                   2.26 kB
.svelte-kit/output/server/_app/immutable/assets/ArticleArchive.CglkcgA6.css                  2.48 kB
.svelte-kit/output/server/_app/immutable/assets/home-previews.q4_KImq6.css                   2.78 kB
.svelte-kit/output/server/_app/immutable/assets/GuideCollectionsGrid.Dz3kY4HO.css            3.26 kB
.svelte-kit/output/server/_app/immutable/assets/PresentationDetail.Buxdb_P9.css              3.28 kB
.svelte-kit/output/server/_app/immutable/assets/LocalizedThought.B-0QfIm9.css                3.72 kB
.svelte-kit/output/server/_app/immutable/assets/LocalizedResume.DG70koNY.css                 3.91 kB
.svelte-kit/output/server/_app/immutable/assets/_page.CsMVIeCr.css                           4.30 kB
.svelte-kit/output/server/_app/immutable/assets/LocalizedArticleCollection.BdRWKubE.css      5.04 kB
.svelte-kit/output/server/_app/immutable/assets/gallery.Cg9KY_tq.css                         5.85 kB
.svelte-kit/output/server/_app/immutable/assets/GuidePage.CkMEMplh.css                      46.27 kB
.svelte-kit/output/server/_app/immutable/assets/_layout.DMn63y6k.css                        57.82 kB
.svelte-kit/output/server/chunks/false.js                                                    0.04 kB
.svelte-kit/output/server/entries/pages/slides/_slug_/_page.ts.js                            0.11 kB
.svelte-kit/output/server/entries/pages/en/slides/_slug_/_page.ts.js                         0.11 kB
.svelte-kit/output/server/entries/pages/es/slides/_slug_/_page.ts.js                         0.11 kB
.svelte-kit/output/server/entries/pages/articles/_page.ts.js                                 0.13 kB
.svelte-kit/output/server/entries/pages/en/articles/_page.ts.js                              0.13 kB
.svelte-kit/output/server/entries/pages/es/articles/_page.ts.js                              0.13 kB
.svelte-kit/output/server/chunks/html.js                                                     0.14 kB
.svelte-kit/output/server/chunks/index-server.js                                             0.18 kB
.svelte-kit/output/server/entries/pages/slides/_page.svelte.js                               0.18 kB
.svelte-kit/output/server/entries/pages/en/_page.svelte.js                                   0.20 kB
.svelte-kit/output/server/entries/pages/es/_page.svelte.js                                   0.20 kB
.svelte-kit/output/server/entries/pages/en/media/_page.svelte.js                             0.20 kB
.svelte-kit/output/server/entries/pages/es/media/_page.svelte.js                             0.20 kB
.svelte-kit/output/server/entries/pages/en/guides/_page.svelte.js                            0.20 kB
.svelte-kit/output/server/entries/pages/en/resume/_page.svelte.js                            0.20 kB
.svelte-kit/output/server/entries/pages/en/slides/_page.svelte.js                            0.20 kB
.svelte-kit/output/server/entries/pages/es/guides/_page.svelte.js                            0.20 kB
.svelte-kit/output/server/entries/pages/es/resume/_page.svelte.js                            0.20 kB
.svelte-kit/output/server/entries/pages/es/slides/_page.svelte.js                            0.20 kB
.svelte-kit/output/server/entries/pages/en/thought/_page.svelte.js                           0.21 kB
.svelte-kit/output/server/entries/pages/es/thought/_page.svelte.js                           0.21 kB
.svelte-kit/output/server/entries/pages/topics/_topic_/_page.ts.js                           0.22 kB
.svelte-kit/output/server/entries/pages/en/topics/_topic_/_page.ts.js                        0.22 kB
.svelte-kit/output/server/entries/pages/es/topics/_topic_/_page.ts.js                        0.22 kB
.svelte-kit/output/server/env.js                                                             0.23 kB
.svelte-kit/output/server/entries/pages/articles/page/_page_/_page.ts.js                     0.24 kB
.svelte-kit/output/server/entries/pages/en/articles/page/_page_/_page.ts.js                  0.24 kB
.svelte-kit/output/server/entries/pages/es/articles/page/_page_/_page.ts.js                  0.24 kB
.svelte-kit/output/server/chunks/LocalizedSlides.js                                          0.30 kB
.svelte-kit/output/server/entries/pages/_layout.ts.js                                        0.30 kB
.svelte-kit/output/server/entries/hooks.server.js                                            0.32 kB
.svelte-kit/output/server/internal.js                                                        0.36 kB
.svelte-kit/output/server/entries/pages/topics/_topic_/_page.svelte.js                       0.37 kB
.svelte-kit/output/server/entries/pages/en/topics/_topic_/_page.svelte.js                    0.37 kB
.svelte-kit/output/server/entries/pages/es/topics/_topic_/_page.svelte.js                    0.37 kB
.svelte-kit/output/server/entries/pages/articles/_slug_/_page.svelte.js                      0.40 kB
.svelte-kit/output/server/entries/pages/guides/_collection_/_page.svelte.js                  0.40 kB
.svelte-kit/output/server/entries/pages/en/articles/_slug_/_page.svelte.js                   0.41 kB
.svelte-kit/output/server/entries/pages/es/articles/_slug_/_page.svelte.js                   0.41 kB
.svelte-kit/output/server/chunks/archive.js                                                  0.42 kB
.svelte-kit/output/server/chunks/topic-pages.js                                              0.42 kB
.svelte-kit/output/server/entries/pages/slides/_slug_/_page.svelte.js                        0.42 kB
.svelte-kit/output/server/entries/pages/en/slides/_slug_/_page.svelte.js                     0.43 kB
.svelte-kit/output/server/entries/pages/es/slides/_slug_/_page.svelte.js                     0.43 kB
.svelte-kit/output/server/chunks/presentation-pages.js                                       0.44 kB
.svelte-kit/output/server/entries/pages/articles/_page.svelte.js                             0.45 kB
.svelte-kit/output/server/entries/pages/en/articles/_page.svelte.js                          0.45 kB
.svelte-kit/output/server/entries/pages/es/articles/_page.svelte.js                          0.45 kB
.svelte-kit/output/server/chunks/PageHero.js                                                 0.45 kB
.svelte-kit/output/server/entries/pages/articles/page/_page_/_page.svelte.js                 0.46 kB
.svelte-kit/output/server/entries/pages/en/articles/page/_page_/_page.svelte.js              0.46 kB
.svelte-kit/output/server/entries/pages/es/articles/page/_page_/_page.svelte.js              0.46 kB
.svelte-kit/output/server/entries/pages/articles/_slug_/_page.ts.js                          0.54 kB
.svelte-kit/output/server/entries/pages/en/articles/_slug_/_page.ts.js                       0.55 kB
.svelte-kit/output/server/entries/pages/es/articles/_slug_/_page.ts.js                       0.56 kB
.svelte-kit/output/server/entries/fallbacks/error.svelte.js                                  0.62 kB
.svelte-kit/output/server/chunks/server.js                                                   0.62 kB
.svelte-kit/output/server/entries/pages/gallery/_page.svelte.js                              0.66 kB
.svelte-kit/output/server/entries/pages/en/guides/_collection_/_page.svelte.js               0.77 kB
.svelte-kit/output/server/chunks/archive-pages.js                                            0.78 kB
.svelte-kit/output/server/entries/pages/guides/_collection_/_page.ts.js                      0.80 kB
.svelte-kit/output/server/entries/pages/es/guides/_collection_/_page.svelte.js               0.82 kB
.svelte-kit/output/server/chunks/client.js                                                   0.96 kB
.svelte-kit/output/server/entries/pages/en/guides/_collection_/_page.ts.js                   1.07 kB
.svelte-kit/output/server/entries/pages/es/guides/_collection_/_page.ts.js                   1.07 kB
.svelte-kit/output/server/chunks/utils.js                                                    1.09 kB
.svelte-kit/output/server/entries/pages/guides/_page.svelte.js                               1.21 kB
.svelte-kit/output/server/chunks/TopicPage.js                                                1.46 kB
.svelte-kit/output/server/chunks/LocalizedGuides.js                                          2.36 kB
.svelte-kit/output/server/chunks/ArticleCard.js                                              3.08 kB
.svelte-kit/output/server/chunks/fa.js                                                       3.66 kB
.svelte-kit/output/server/chunks/presentation-copy.js                                        4.09 kB
.svelte-kit/output/server/chunks/SlidesArchive.js                                            4.30 kB
.svelte-kit/output/server/chunks/internal.js                                                 4.68 kB
.svelte-kit/output/server/chunks/LocalizedMedia.js                                           4.78 kB
.svelte-kit/output/server/chunks/GalleryCollection.js                                        4.87 kB
.svelte-kit/output/server/chunks/topics.js                                                   5.12 kB
.svelte-kit/output/server/chunks/GuideCollectionsGrid.js                                     5.63 kB
.svelte-kit/output/server/entries/pages/resume/_page.svelte.js                               6.26 kB
.svelte-kit/output/server/chunks/exports.js                                                  7.02 kB
.svelte-kit/output/server/entries/pages/_page.svelte.js                                      7.22 kB
.svelte-kit/output/server/chunks/home-previews.js                                            7.54 kB
.svelte-kit/output/server/chunks/PresentationDetail.js                                       8.49 kB
.svelte-kit/output/server/chunks/LocalizedHome.js                                            9.64 kB
.svelte-kit/output/server/chunks/LocalizedArticleCollection.js                               9.85 kB
.svelte-kit/output/server/chunks/ArticlePage.js                                             11.83 kB
.svelte-kit/output/server/entries/pages/admin/_page.svelte.js                               11.84 kB
.svelte-kit/output/server/chunks/localized-guide-collections.js                             12.25 kB
.svelte-kit/output/server/chunks/PageSeo.js                                                 12.52 kB
.svelte-kit/output/server/chunks/ArticleArchive.js                                          12.94 kB
.svelte-kit/output/server/entries/pages/thought/_page.svelte.js                             13.70 kB
.svelte-kit/output/server/chunks/guides.js                                                  16.34 kB
.svelte-kit/output/server/entries/pages/_layout.svelte.js                                   16.96 kB
.svelte-kit/output/server/chunks/LocalizedThought.js                                        18.28 kB
.svelte-kit/output/server/chunks/LocalizedResume.js                                         25.91 kB
.svelte-kit/output/server/entries/pages/media/_page.svelte.js                               26.22 kB
.svelte-kit/output/server/chunks/utils2.js                                                  34.21 kB
.svelte-kit/output/server/remote-entry.js                                                   36.81 kB
.svelte-kit/output/server/chunks/presentations.js                                           37.16 kB
.svelte-kit/output/server/chunks/index.js                                                   41.54 kB
.svelte-kit/output/server/chunks/images.js                                                  59.12 kB
.svelte-kit/output/server/chunks/news.js                                                    75.75 kB
.svelte-kit/output/server/chunks/root.js                                                    87.56 kB
.svelte-kit/output/server/chunks/gallery.js                                                 91.32 kB
.svelte-kit/output/server/index.js                                                         130.89 kB
.svelte-kit/output/server/chunks/GuidePage.js                                              558.30 kB
.svelte-kit/output/server/chunks/content.js                                              1,316.86 kB
✓ built in 5.84s

Run npm run preview to preview your production build locally.

> Using @sveltejs/adapter-static
  Wrote site to "build"
  ✔ done
Generated sitemap.xml with 163 URLs.

> ziabary-platform@0.1.0 verify:sitemap
> node scripts/verify-sitemap.mjs

Validated sitemap.xml against 163 indexable pages and robots.txt.
Validated 172 JSON-LD blocks across 172 HTML pages.
